------------------------------------------------------------
TimeQuest Timing Analyzer Summary
------------------------------------------------------------

Type  : Slow 1100mV 85C Model Setup 'Inst_four_clocks_pll|altpll_component|auto_generated|generic_pll2~PLL_OUTPUT_COUNTER|divclk'
Slack : -147.999
TNS   : -13647.983

Type  : Slow 1100mV 85C Model Setup 'clk_vga'
Slack : -8.584
TNS   : -186.536

Type  : Slow 1100mV 85C Model Setup 'Inst_four_clocks_pll|altpll_component|auto_generated|generic_pll3~PLL_OUTPUT_COUNTER|divclk'
Slack : 4.712
TNS   : 0.000

Type  : Slow 1100mV 85C Model Setup 'Inst_four_clocks_pll|altpll_component|auto_generated|generic_pll1~PLL_OUTPUT_COUNTER|divclk'
Slack : 5.329
TNS   : 0.000

Type  : Slow 1100mV 85C Model Hold 'Inst_four_clocks_pll|altpll_component|auto_generated|generic_pll2~PLL_OUTPUT_COUNTER|divclk'
Slack : 0.224
TNS   : 0.000

Type  : Slow 1100mV 85C Model Hold 'Inst_four_clocks_pll|altpll_component|auto_generated|generic_pll3~PLL_OUTPUT_COUNTER|divclk'
Slack : 0.302
TNS   : 0.000

Type  : Slow 1100mV 85C Model Hold 'Inst_four_clocks_pll|altpll_component|auto_generated|generic_pll1~PLL_OUTPUT_COUNTER|divclk'
Slack : 0.306
TNS   : 0.000

Type  : Slow 1100mV 85C Model Hold 'clk_vga'
Slack : 3.262
TNS   : 0.000

Type  : Slow 1100mV 85C Model Recovery 'Inst_four_clocks_pll|altpll_component|auto_generated|generic_pll2~PLL_OUTPUT_COUNTER|divclk'
Slack : 36.306
TNS   : 0.000

Type  : Slow 1100mV 85C Model Removal 'Inst_four_clocks_pll|altpll_component|auto_generated|generic_pll2~PLL_OUTPUT_COUNTER|divclk'
Slack : 1.598
TNS   : 0.000

Type  : Slow 1100mV 85C Model Minimum Pulse Width 'Inst_four_clocks_pll|altpll_component|auto_generated|generic_pll1~FRACTIONAL_PLL|vcoph[0]'
Slack : 1.666
TNS   : 0.000

Type  : Slow 1100mV 85C Model Minimum Pulse Width 'Inst_four_clocks_pll|altpll_component|auto_generated|generic_pll1~PLL_OUTPUT_COUNTER|divclk'
Slack : 4.296
TNS   : 0.000

Type  : Slow 1100mV 85C Model Minimum Pulse Width 'Inst_four_clocks_pll|altpll_component|auto_generated|generic_pll3~PLL_OUTPUT_COUNTER|divclk'
Slack : 8.772
TNS   : 0.000

Type  : Slow 1100mV 85C Model Minimum Pulse Width 'clk_50'
Slack : 9.900
TNS   : 0.000

Type  : Slow 1100mV 85C Model Minimum Pulse Width 'Inst_four_clocks_pll|altpll_component|auto_generated|generic_pll2~PLL_OUTPUT_COUNTER|divclk'
Slack : 18.756
TNS   : 0.000

Type  : Slow 1100mV 0C Model Setup 'Inst_four_clocks_pll|altpll_component|auto_generated|generic_pll2~PLL_OUTPUT_COUNTER|divclk'
Slack : -152.248
TNS   : -13472.176

Type  : Slow 1100mV 0C Model Setup 'clk_vga'
Slack : -8.414
TNS   : -183.629

Type  : Slow 1100mV 0C Model Setup 'Inst_four_clocks_pll|altpll_component|auto_generated|generic_pll3~PLL_OUTPUT_COUNTER|divclk'
Slack : 4.915
TNS   : 0.000

Type  : Slow 1100mV 0C Model Setup 'Inst_four_clocks_pll|altpll_component|auto_generated|generic_pll1~PLL_OUTPUT_COUNTER|divclk'
Slack : 5.381
TNS   : 0.000

Type  : Slow 1100mV 0C Model Hold 'Inst_four_clocks_pll|altpll_component|auto_generated|generic_pll2~PLL_OUTPUT_COUNTER|divclk'
Slack : 0.212
TNS   : 0.000

Type  : Slow 1100mV 0C Model Hold 'Inst_four_clocks_pll|altpll_component|auto_generated|generic_pll3~PLL_OUTPUT_COUNTER|divclk'
Slack : 0.285
TNS   : 0.000

Type  : Slow 1100mV 0C Model Hold 'Inst_four_clocks_pll|altpll_component|auto_generated|generic_pll1~PLL_OUTPUT_COUNTER|divclk'
Slack : 0.289
TNS   : 0.000

Type  : Slow 1100mV 0C Model Hold 'clk_vga'
Slack : 3.185
TNS   : 0.000

Type  : Slow 1100mV 0C Model Recovery 'Inst_four_clocks_pll|altpll_component|auto_generated|generic_pll2~PLL_OUTPUT_COUNTER|divclk'
Slack : 36.444
TNS   : 0.000

Type  : Slow 1100mV 0C Model Removal 'Inst_four_clocks_pll|altpll_component|auto_generated|generic_pll2~PLL_OUTPUT_COUNTER|divclk'
Slack : 1.517
TNS   : 0.000

Type  : Slow 1100mV 0C Model Minimum Pulse Width 'Inst_four_clocks_pll|altpll_component|auto_generated|generic_pll1~FRACTIONAL_PLL|vcoph[0]'
Slack : 1.666
TNS   : 0.000

Type  : Slow 1100mV 0C Model Minimum Pulse Width 'Inst_four_clocks_pll|altpll_component|auto_generated|generic_pll1~PLL_OUTPUT_COUNTER|divclk'
Slack : 4.243
TNS   : 0.000

Type  : Slow 1100mV 0C Model Minimum Pulse Width 'Inst_four_clocks_pll|altpll_component|auto_generated|generic_pll3~PLL_OUTPUT_COUNTER|divclk'
Slack : 8.759
TNS   : 0.000

Type  : Slow 1100mV 0C Model Minimum Pulse Width 'clk_50'
Slack : 9.926
TNS   : 0.000

Type  : Slow 1100mV 0C Model Minimum Pulse Width 'Inst_four_clocks_pll|altpll_component|auto_generated|generic_pll2~PLL_OUTPUT_COUNTER|divclk'
Slack : 18.733
TNS   : 0.000

Type  : Fast 1100mV 85C Model Setup 'Inst_four_clocks_pll|altpll_component|auto_generated|generic_pll2~PLL_OUTPUT_COUNTER|divclk'
Slack : -66.545
TNS   : -804.672

Type  : Fast 1100mV 85C Model Setup 'clk_vga'
Slack : -5.138
TNS   : -113.865

Type  : Fast 1100mV 85C Model Setup 'Inst_four_clocks_pll|altpll_component|auto_generated|generic_pll3~PLL_OUTPUT_COUNTER|divclk'
Slack : 6.752
TNS   : 0.000

Type  : Fast 1100mV 85C Model Setup 'Inst_four_clocks_pll|altpll_component|auto_generated|generic_pll1~PLL_OUTPUT_COUNTER|divclk'
Slack : 7.304
TNS   : 0.000

Type  : Fast 1100mV 85C Model Hold 'Inst_four_clocks_pll|altpll_component|auto_generated|generic_pll2~PLL_OUTPUT_COUNTER|divclk'
Slack : 0.131
TNS   : 0.000

Type  : Fast 1100mV 85C Model Hold 'Inst_four_clocks_pll|altpll_component|auto_generated|generic_pll1~PLL_OUTPUT_COUNTER|divclk'
Slack : 0.174
TNS   : 0.000

Type  : Fast 1100mV 85C Model Hold 'Inst_four_clocks_pll|altpll_component|auto_generated|generic_pll3~PLL_OUTPUT_COUNTER|divclk'
Slack : 0.180
TNS   : 0.000

Type  : Fast 1100mV 85C Model Hold 'clk_vga'
Slack : 1.384
TNS   : 0.000

Type  : Fast 1100mV 85C Model Recovery 'Inst_four_clocks_pll|altpll_component|auto_generated|generic_pll2~PLL_OUTPUT_COUNTER|divclk'
Slack : 37.702
TNS   : 0.000

Type  : Fast 1100mV 85C Model Removal 'Inst_four_clocks_pll|altpll_component|auto_generated|generic_pll2~PLL_OUTPUT_COUNTER|divclk'
Slack : 0.915
TNS   : 0.000

Type  : Fast 1100mV 85C Model Minimum Pulse Width 'Inst_four_clocks_pll|altpll_component|auto_generated|generic_pll1~FRACTIONAL_PLL|vcoph[0]'
Slack : 1.666
TNS   : 0.000

Type  : Fast 1100mV 85C Model Minimum Pulse Width 'Inst_four_clocks_pll|altpll_component|auto_generated|generic_pll1~PLL_OUTPUT_COUNTER|divclk'
Slack : 4.549
TNS   : 0.000

Type  : Fast 1100mV 85C Model Minimum Pulse Width 'Inst_four_clocks_pll|altpll_component|auto_generated|generic_pll3~PLL_OUTPUT_COUNTER|divclk'
Slack : 8.889
TNS   : 0.000

Type  : Fast 1100mV 85C Model Minimum Pulse Width 'clk_50'
Slack : 9.643
TNS   : 0.000

Type  : Fast 1100mV 85C Model Minimum Pulse Width 'Inst_four_clocks_pll|altpll_component|auto_generated|generic_pll2~PLL_OUTPUT_COUNTER|divclk'
Slack : 18.880
TNS   : 0.000

Type  : Fast 1100mV 0C Model Setup 'Inst_four_clocks_pll|altpll_component|auto_generated|generic_pll2~PLL_OUTPUT_COUNTER|divclk'
Slack : -61.737
TNS   : -736.548

Type  : Fast 1100mV 0C Model Setup 'clk_vga'
Slack : -4.844
TNS   : -108.258

Type  : Fast 1100mV 0C Model Setup 'Inst_four_clocks_pll|altpll_component|auto_generated|generic_pll3~PLL_OUTPUT_COUNTER|divclk'
Slack : 7.060
TNS   : 0.000

Type  : Fast 1100mV 0C Model Setup 'Inst_four_clocks_pll|altpll_component|auto_generated|generic_pll1~PLL_OUTPUT_COUNTER|divclk'
Slack : 7.537
TNS   : 0.000

Type  : Fast 1100mV 0C Model Hold 'Inst_four_clocks_pll|altpll_component|auto_generated|generic_pll2~PLL_OUTPUT_COUNTER|divclk'
Slack : 0.121
TNS   : 0.000

Type  : Fast 1100mV 0C Model Hold 'Inst_four_clocks_pll|altpll_component|auto_generated|generic_pll1~PLL_OUTPUT_COUNTER|divclk'
Slack : 0.159
TNS   : 0.000

Type  : Fast 1100mV 0C Model Hold 'Inst_four_clocks_pll|altpll_component|auto_generated|generic_pll3~PLL_OUTPUT_COUNTER|divclk'
Slack : 0.163
TNS   : 0.000

Type  : Fast 1100mV 0C Model Hold 'clk_vga'
Slack : 1.200
TNS   : 0.000

Type  : Fast 1100mV 0C Model Recovery 'Inst_four_clocks_pll|altpll_component|auto_generated|generic_pll2~PLL_OUTPUT_COUNTER|divclk'
Slack : 37.941
TNS   : 0.000

Type  : Fast 1100mV 0C Model Removal 'Inst_four_clocks_pll|altpll_component|auto_generated|generic_pll2~PLL_OUTPUT_COUNTER|divclk'
Slack : 0.828
TNS   : 0.000

Type  : Fast 1100mV 0C Model Minimum Pulse Width 'Inst_four_clocks_pll|altpll_component|auto_generated|generic_pll1~FRACTIONAL_PLL|vcoph[0]'
Slack : 1.666
TNS   : 0.000

Type  : Fast 1100mV 0C Model Minimum Pulse Width 'Inst_four_clocks_pll|altpll_component|auto_generated|generic_pll1~PLL_OUTPUT_COUNTER|divclk'
Slack : 4.539
TNS   : 0.000

Type  : Fast 1100mV 0C Model Minimum Pulse Width 'Inst_four_clocks_pll|altpll_component|auto_generated|generic_pll3~PLL_OUTPUT_COUNTER|divclk'
Slack : 8.889
TNS   : 0.000

Type  : Fast 1100mV 0C Model Minimum Pulse Width 'clk_50'
Slack : 9.632
TNS   : 0.000

Type  : Fast 1100mV 0C Model Minimum Pulse Width 'Inst_four_clocks_pll|altpll_component|auto_generated|generic_pll2~PLL_OUTPUT_COUNTER|divclk'
Slack : 18.882
TNS   : 0.000

------------------------------------------------------------
